#
# There is insufficient memory for the Java Runtime Environment to continue.
# Native memory allocation (mmap) failed to map 20971520 bytes for G1 virtual space
# Possible reasons:
#   The system is out of physical RAM or swap space
#   The process is running with CompressedOops enabled, and the Java Heap may be blocking the growth of the native heap
# Possible solutions:
#   Reduce memory load on the system
#   Increase physical memory or swap space
#   Check if swap backing store is full
#   Decrease Java heap size (-Xmx/-Xms)
#   Decrease number of Java threads
#   Decrease Java thread stack sizes (-Xss)
#   Set larger code cache with -XX:ReservedCodeCacheSize=
#   JVM is running with Zero Based Compressed Oops mode in which the Java heap is
#     placed in the first 32GB address space. The Java Heap base address is the
#     maximum limit for the native heap growth. Please use -XX:HeapBaseMinAddress
#     to set the Java Heap base and to place the Java Heap above 32GB virtual address.
# This output file may be truncated or incomplete.
#
#  Out of Memory Error (os_windows.cpp:3548), pid=38048, tid=40104
#
# JRE version: Java(TM) SE Runtime Environment (17.0.10+11) (build 17.0.10+11-LTS-240)
# Java VM: Java HotSpot(TM) 64-Bit Server VM (17.0.10+11-LTS-240, mixed mode, emulated-client, sharing, tiered, compressed oops, compressed class ptrs, g1 gc, windows-amd64)
# No core dump will be written. Minidumps are not enabled by default on client versions of Windows
#

---------------  S U M M A R Y ------------

Command Line: -XX:TieredStopAtLevel=1 -Dspring.output.ansi.enabled=always -Dcom.sun.management.jmxremote -Dspring.jmx.enabled=true -Dspring.liveBeansView.mbeanDomain -Dspring.application.admin.enabled=true -Dmanagement.endpoints.jmx.exposure.include=* -javaagent:D:\Program Files\JetBrains\IntelliJ IDEA 2024.1\lib\idea_rt.jar=49324:D:\Program Files\JetBrains\IntelliJ IDEA 2024.1\bin -Dfile.encoding=UTF-8 com.taoxier.smartdochub.SmartDocHubApplication

Host: 12th Gen Intel(R) Core(TM) i5-12500H, 16 cores, 15G,  Windows 11 , 64 bit Build 26100 (10.0.26100.8246)
Time: Wed Apr 22 00:46:44 2026  Windows 11 , 64 bit Build 26100 (10.0.26100.8246) elapsed time: 9.081743 seconds (0d 0h 0m 9s)

---------------  T H R E A D  ---------------

Current thread (0x000002a77fa2c010):  VMThread "VM Thread" [stack: 0x000000d72f800000,0x000000d72f900000] [id=40104]

Stack: [0x000000d72f800000,0x000000d72f900000]
Native frames: (J=compiled Java code, j=interpreted, Vv=VM code, C=native code)
V  [jvm.dll+0x677a5a]
V  [jvm.dll+0x7d8b2d]
V  [jvm.dll+0x7da48e]
V  [jvm.dll+0x7daaf3]
V  [jvm.dll+0x2455ff]
V  [jvm.dll+0x6749b9]
V  [jvm.dll+0x669382]
V  [jvm.dll+0x302e96]
V  [jvm.dll+0x30a416]
V  [jvm.dll+0x359cbe]
V  [jvm.dll+0x359eef]
V  [jvm.dll+0x2d9e88]
V  [jvm.dll+0x2d8295]
V  [jvm.dll+0x2d789c]
V  [jvm.dll+0x31b18b]
V  [jvm.dll+0x7df30b]
V  [jvm.dll+0x7e0044]
V  [jvm.dll+0x7e055d]
V  [jvm.dll+0x7e0934]
V  [jvm.dll+0x7e0a00]
V  [jvm.dll+0x78888a]
V  [jvm.dll+0x676935]
C  [ucrtbase.dll+0x37b0]
C  [KERNEL32.DLL+0x2e8d7]
C  [ntdll.dll+0x8c3fc]

VM_Operation (0x000000d72f2fd860): G1CollectForAllocation, mode: safepoint, requested by thread 0x000002a77a15bb10


---------------  P R O C E S S  ---------------

Threads class SMR info:
_java_thread_list=0x000002a759d301f0, length=82, elements={
0x000002a77a15bb10, 0x000002a77fa309d0, 0x000002a77fa34ed0, 0x000002a7117597c0,
0x000002a711759ca0, 0x000002a71175a180, 0x000002a71175e670, 0x000002a711762020,
0x000002a711762540, 0x000002a7117c6cf0, 0x000002a7119159d0, 0x000002a711917340,
0x000002a711917860, 0x000002a711919dd0, 0x000002a7576e3c40, 0x000002a7576e4120,
0x000002a75784f4e0, 0x000002a75815d2a0, 0x000002a75815d7c0, 0x000002a758290900,
0x000002a758291720, 0x000002a758440080, 0x000002a758449120, 0x000002a759109d70,
0x000002a75910b1b0, 0x000002a75910a280, 0x000002a75910a790, 0x000002a759109860,
0x000002a759cd6000, 0x000002a759cd6f30, 0x000002a759cd6a20, 0x000002a759cd7e60,
0x000002a759cd7440, 0x000002a759cd7950, 0x000002a759cd8370, 0x000002a759cd8880,
0x000002a759cd50d0, 0x000002a759cd55e0, 0x000002a759cd5af0, 0x000002a759cd6510,
0x000002a759d6e0c0, 0x000002a759d71870, 0x000002a759d70940, 0x000002a759d6e5d0,
0x000002a759d6f500, 0x000002a759d6fa10, 0x000002a759d71d80, 0x000002a759d6eff0,
0x000002a759d6ff20, 0x000002a759d72290, 0x000002a759d70430, 0x000002a759d70e50,
0x000002a759d71360, 0x000002a759d6eae0, 0x000002a759d75530, 0x000002a759d75a40,
0x000002a759d727a0, 0x000002a759d73be0, 0x000002a759d74b10, 0x000002a759d72cb0,
0x000002a759d731c0, 0x000002a759d736d0, 0x000002a759d75020, 0x000002a759d740f0,
0x000002a759d74600, 0x000002a759de2400, 0x000002a759de0090, 0x000002a759de2910,
0x000002a759de0ab0, 0x000002a759ddf160, 0x000002a759de19e0, 0x000002a759de0fc0,
0x000002a759de2e20, 0x000002a759de14d0, 0x000002a759ddfb80, 0x000002a759de05a0,
0x000002a759de1ef0, 0x000002a759ddf670, 0x000002a759de3d50, 0x000002a759de4770,
0x000002a759de4260, 0x000002a75a4bf560
}

Java Threads: ( => current thread )
  0x000002a77a15bb10 JavaThread "main" [_thread_blocked, id=14872, stack(0x000000d72f200000,0x000000d72f300000)]
  0x000002a77fa309d0 JavaThread "Reference Handler" daemon [_thread_blocked, id=28336, stack(0x000000d72f900000,0x000000d72fa00000)]
  0x000002a77fa34ed0 JavaThread "Finalizer" daemon [_thread_blocked, id=14360, stack(0x000000d72fa00000,0x000000d72fb00000)]
  0x000002a7117597c0 JavaThread "Signal Dispatcher" daemon [_thread_blocked, id=43716, stack(0x000000d72fb00000,0x000000d72fc00000)]
  0x000002a711759ca0 JavaThread "Attach Listener" daemon [_thread_blocked, id=8308, stack(0x000000d72fc00000,0x000000d72fd00000)]
  0x000002a71175a180 JavaThread "Service Thread" daemon [_thread_blocked, id=24952, stack(0x000000d72fd00000,0x000000d72fe00000)]
  0x000002a71175e670 JavaThread "Monitor Deflation Thread" daemon [_thread_blocked, id=44752, stack(0x000000d72fe00000,0x000000d72ff00000)]
  0x000002a711762020 JavaThread "C1 CompilerThread0" daemon [_thread_blocked, id=48936, stack(0x000000d72ff00000,0x000000d730000000)]
  0x000002a711762540 JavaThread "Sweeper thread" daemon [_thread_blocked, id=20112, stack(0x000000d730000000,0x000000d730100000)]
  0x000002a7117c6cf0 JavaThread "Common-Cleaner" daemon [_thread_blocked, id=43252, stack(0x000000d730100000,0x000000d730200000)]
  0x000002a7119159d0 JavaThread "C1 CompilerThread1" daemon [_thread_blocked, id=36832, stack(0x000000d730200000,0x000000d730300000)]
  0x000002a711917340 JavaThread "C1 CompilerThread2" daemon [_thread_blocked, id=29724, stack(0x000000d730300000,0x000000d730400000)]
  0x000002a711917860 JavaThread "C1 CompilerThread3" daemon [_thread_blocked, id=28536, stack(0x000000d730400000,0x000000d730500000)]
  0x000002a711919dd0 JavaThread "C1 CompilerThread4" daemon [_thread_blocked, id=32148, stack(0x000000d730500000,0x000000d730600000)]
  0x000002a7576e3c40 JavaThread "Monitor Ctrl-Break" daemon [_thread_in_native, id=29712, stack(0x000000d730b00000,0x000000d730c00000)]
  0x000002a7576e4120 JavaThread "Notification Thread" daemon [_thread_blocked, id=26464, stack(0x000000d730c00000,0x000000d730d00000)]
  0x000002a75784f4e0 JavaThread "RMI TCP Accept-0" daemon [_thread_in_native, id=36924, stack(0x000000d730d00000,0x000000d730e00000)]
  0x000002a75815d2a0 JavaThread "C1 CompilerThread5" daemon [_thread_blocked, id=39752, stack(0x000000d731500000,0x000000d731600000)]
  0x000002a75815d7c0 JavaThread "C1 CompilerThread6" daemon [_thread_blocked, id=28572, stack(0x000000d731600000,0x000000d731700000)]
  0x000002a758290900 JavaThread "C1 CompilerThread7" daemon [_thread_blocked, id=2380, stack(0x000000d731700000,0x000000d731800000)]
  0x000002a758291720 JavaThread "C1 CompilerThread8" daemon [_thread_blocked, id=35960, stack(0x000000d731800000,0x000000d731900000)]
  0x000002a758440080 JavaThread "RMI TCP Connection(1)-192.168.43.90" daemon [_thread_blocked, id=12916, stack(0x000000d731d00000,0x000000d731e00000)]
  0x000002a758449120 JavaThread "RMI Scheduler(0)" daemon [_thread_blocked, id=6820, stack(0x000000d731e00000,0x000000d731f00000)]
  0x000002a759109d70 JavaThread "Catalina-utility-1" [_thread_blocked, id=43548, stack(0x000000d731000000,0x000000d731100000)]
  0x000002a75910b1b0 JavaThread "Catalina-utility-2" [_thread_blocked, id=47780, stack(0x000000d731f00000,0x000000d732000000)]
  0x000002a75910a280 JavaThread "container-0" [_thread_blocked, id=17620, stack(0x000000d732000000,0x000000d732100000)]
  0x000002a75910a790 JavaThread "Thread-1" daemon [_thread_in_native, id=38400, stack(0x000000d732100000,0x000000d732200000)]
  0x000002a759109860 JavaThread "redisson-netty-1-1" [_thread_in_native, id=26276, stack(0x000000d732200000,0x000000d732300000)]
  0x000002a759cd6000 JavaThread "redisson-netty-1-2" [_thread_in_native, id=2560, stack(0x000000d732400000,0x000000d732500000)]
  0x000002a759cd6f30 JavaThread "redisson-netty-1-3" [_thread_in_native, id=37212, stack(0x000000d732300000,0x000000d732400000)]
  0x000002a759cd6a20 JavaThread "redisson-netty-1-4" [_thread_in_native, id=44264, stack(0x000000d732500000,0x000000d732600000)]
  0x000002a759cd7e60 JavaThread "redisson-timer-4-1" [_thread_blocked, id=14328, stack(0x000000d732700000,0x000000d732800000)]
  0x000002a759cd7440 JavaThread "redisson-netty-1-5" [_thread_in_native, id=3228, stack(0x000000d732800000,0x000000d732900000)]
  0x000002a759cd7950 JavaThread "redisson-netty-1-6" [_thread_in_native, id=7736, stack(0x000000d732900000,0x000000d732a00000)]
  0x000002a759cd8370 JavaThread "redisson-netty-1-7" [_thread_in_native, id=3292, stack(0x000000d732a00000,0x000000d732b00000)]
  0x000002a759cd8880 JavaThread "redisson-3-1" [_thread_blocked, id=5684, stack(0x000000d732b00000,0x000000d732c00000)]
  0x000002a759cd50d0 JavaThread "redisson-netty-1-8" [_thread_in_native, id=40172, stack(0x000000d732c00000,0x000000d732d00000)]
  0x000002a759cd55e0 JavaThread "redisson-netty-1-9" [_thread_in_native, id=7724, stack(0x000000d732d00000,0x000000d732e00000)]
  0x000002a759cd5af0 JavaThread "redisson-3-2" [_thread_blocked, id=41884, stack(0x000000d732e00000,0x000000d732f00000)]
  0x000002a759cd6510 JavaThread "redisson-netty-1-10" [_thread_in_native, id=27700, stack(0x000000d732f00000,0x000000d733000000)]
  0x000002a759d6e0c0 JavaThread "redisson-netty-1-11" [_thread_in_native, id=39300, stack(0x000000d733000000,0x000000d733100000)]
  0x000002a759d71870 JavaThread "redisson-3-3" [_thread_blocked, id=39012, stack(0x000000d733100000,0x000000d733200000)]
  0x000002a759d70940 JavaThread "redisson-netty-1-12" [_thread_in_native, id=16192, stack(0x000000d733200000,0x000000d733300000)]
  0x000002a759d6e5d0 JavaThread "redisson-netty-1-13" [_thread_in_native, id=45116, stack(0x000000d733300000,0x000000d733400000)]
  0x000002a759d6f500 JavaThread "redisson-3-4" [_thread_blocked, id=36520, stack(0x000000d733400000,0x000000d733500000)]
  0x000002a759d6fa10 JavaThread "redisson-netty-1-14" [_thread_in_native, id=46000, stack(0x000000d733500000,0x000000d733600000)]
  0x000002a759d71d80 JavaThread "redisson-netty-1-15" [_thread_in_native, id=47712, stack(0x000000d733600000,0x000000d733700000)]
  0x000002a759d6eff0 JavaThread "redisson-3-5" [_thread_blocked, id=44068, stack(0x000000d733700000,0x000000d733800000)]
  0x000002a759d6ff20 JavaThread "redisson-netty-1-16" [_thread_in_native, id=38192, stack(0x000000d733800000,0x000000d733900000)]
  0x000002a759d72290 JavaThread "redisson-netty-1-17" [_thread_in_native, id=36096, stack(0x000000d733900000,0x000000d733a00000)]
  0x000002a759d70430 JavaThread "redisson-3-6" [_thread_blocked, id=29996, stack(0x000000d733a00000,0x000000d733b00000)]
  0x000002a759d70e50 JavaThread "redisson-netty-1-18" [_thread_in_native, id=12836, stack(0x000000d733b00000,0x000000d733c00000)]
  0x000002a759d71360 JavaThread "redisson-netty-1-19" [_thread_in_native, id=27312, stack(0x000000d733c00000,0x000000d733d00000)]
  0x000002a759d6eae0 JavaThread "redisson-3-7" [_thread_blocked, id=29604, stack(0x000000d733d00000,0x000000d733e00000)]
  0x000002a759d75530 JavaThread "redisson-netty-1-20" [_thread_in_native, id=47860, stack(0x000000d733e00000,0x000000d733f00000)]
  0x000002a759d75a40 JavaThread "redisson-netty-1-21" [_thread_in_native, id=42424, stack(0x000000d733f00000,0x000000d734000000)]
  0x000002a759d727a0 JavaThread "redisson-3-8" [_thread_blocked, id=25904, stack(0x000000d734000000,0x000000d734100000)]
  0x000002a759d73be0 JavaThread "redisson-netty-1-22" [_thread_in_native, id=6244, stack(0x000000d734100000,0x000000d734200000)]
  0x000002a759d74b10 JavaThread "redisson-netty-1-23" [_thread_in_native, id=36156, stack(0x000000d734200000,0x000000d734300000)]
  0x000002a759d72cb0 JavaThread "redisson-3-9" [_thread_blocked, id=7536, stack(0x000000d734300000,0x000000d734400000)]
  0x000002a759d731c0 JavaThread "redisson-netty-1-24" [_thread_in_native, id=39636, stack(0x000000d734400000,0x000000d734500000)]
  0x000002a759d736d0 JavaThread "redisson-netty-1-25" [_thread_in_native, id=8088, stack(0x000000d734500000,0x000000d734600000)]
  0x000002a759d75020 JavaThread "redisson-3-10" [_thread_blocked, id=48420, stack(0x000000d734600000,0x000000d734700000)]
  0x000002a759d740f0 JavaThread "redisson-netty-1-26" [_thread_in_native, id=5564, stack(0x000000d734700000,0x000000d734800000)]
  0x000002a759d74600 JavaThread "redisson-netty-1-27" [_thread_in_native, id=42268, stack(0x000000d734800000,0x000000d734900000)]
  0x000002a759de2400 JavaThread "redisson-3-11" [_thread_blocked, id=2188, stack(0x000000d734900000,0x000000d734a00000)]
  0x000002a759de0090 JavaThread "redisson-netty-1-28" [_thread_in_native, id=9948, stack(0x000000d734a00000,0x000000d734b00000)]
  0x000002a759de2910 JavaThread "redisson-netty-1-29" [_thread_in_native, id=29984, stack(0x000000d734b00000,0x000000d734c00000)]
  0x000002a759de0ab0 JavaThread "redisson-3-12" [_thread_blocked, id=49088, stack(0x000000d734c00000,0x000000d734d00000)]
  0x000002a759ddf160 JavaThread "redisson-netty-1-30" [_thread_in_native, id=32540, stack(0x000000d734d00000,0x000000d734e00000)]
  0x000002a759de19e0 JavaThread "redisson-netty-1-31" [_thread_in_native, id=39736, stack(0x000000d734e00000,0x000000d734f00000)]
  0x000002a759de0fc0 JavaThread "redisson-3-13" [_thread_blocked, id=31568, stack(0x000000d734f00000,0x000000d735000000)]
  0x000002a759de2e20 JavaThread "redisson-netty-1-32" [_thread_in_native, id=44240, stack(0x000000d735000000,0x000000d735100000)]
  0x000002a759de14d0 JavaThread "redisson-3-14" [_thread_blocked, id=30868, stack(0x000000d735100000,0x000000d735200000)]
  0x000002a759ddfb80 JavaThread "redisson-3-15" [_thread_blocked, id=27508, stack(0x000000d735200000,0x000000d735300000)]
  0x000002a759de05a0 JavaThread "redisson-3-16" [_thread_blocked, id=36000, stack(0x000000d735300000,0x000000d735400000)]
  0x000002a759de1ef0 JavaThread "IdleConnectionMonitorThread" daemon [_thread_blocked, id=16140, stack(0x000000d735400000,0x000000d735500000)]
  0x000002a759ddf670 JavaThread "mysql-cj-abandoned-connection-cleanup" daemon [_thread_blocked, id=8760, stack(0x000000d735500000,0x000000d735600000)]
  0x000002a759de3d50 JavaThread "Druid-ConnectionPool-Create-2091029265" daemon [_thread_blocked, id=2100, stack(0x000000d735600000,0x000000d735700000)]
  0x000002a759de4770 JavaThread "Druid-ConnectionPool-Destroy-2091029265" daemon [_thread_blocked, id=44980, stack(0x000000d735700000,0x000000d735800000)]
  0x000002a759de4260 JavaThread "Thread-2" daemon [_thread_blocked, id=48832, stack(0x000000d735a00000,0x000000d735b00000)]
  0x000002a75a4bf560 JavaThread "C1 CompilerThread9" daemon [_thread_blocked, id=7912, stack(0x000000d735b00000,0x000000d735c00000)]

Other Threads:
=>0x000002a77fa2c010 VMThread "VM Thread" [stack: 0x000000d72f800000,0x000000d72f900000] [id=40104]
  0x000002a7577effc0 WatcherThread [stack: 0x000000d730e00000,0x000000d730f00000] [id=37220]
  0x000002a77a1c6c70 GCTaskThread "GC Thread#0" [stack: 0x000000d72f300000,0x000000d72f400000] [id=48252]
  0x000002a7576e1e60 GCTaskThread "GC Thread#1" [stack: 0x000000d730600000,0x000000d730700000] [id=24924]
  0x000002a7576e2120 GCTaskThread "GC Thread#2" [stack: 0x000000d730700000,0x000000d730800000] [id=39404]
  0x000002a7576e23e0 GCTaskThread "GC Thread#3" [stack: 0x000000d730800000,0x000000d730900000] [id=20180]
  0x000002a7576e26a0 GCTaskThread "GC Thread#4" [stack: 0x000000d730900000,0x000000d730a00000] [id=34896]
  0x000002a7576e2960 GCTaskThread "GC Thread#5" [stack: 0x000000d730a00000,0x000000d730b00000] [id=42444]
  0x000002a757ba8fe0 GCTaskThread "GC Thread#6" [stack: 0x000000d730f00000,0x000000d731000000] [id=1296]
  0x000002a757f62be0 GCTaskThread "GC Thread#7" [stack: 0x000000d731100000,0x000000d731200000] [id=17820]
  0x000002a757eda7f0 GCTaskThread "GC Thread#8" [stack: 0x000000d731200000,0x000000d731300000] [id=40936]
  0x000002a757edaab0 GCTaskThread "GC Thread#9" [stack: 0x000000d731300000,0x000000d731400000] [id=29036]
  0x000002a757eb7120 GCTaskThread "GC Thread#10" [stack: 0x000000d731400000,0x000000d731500000] [id=5196]
  0x000002a758312c60 GCTaskThread "GC Thread#11" [stack: 0x000000d731900000,0x000000d731a00000] [id=32472]
  0x000002a7583126e0 GCTaskThread "GC Thread#12" [stack: 0x000000d731a00000,0x000000d731b00000] [id=40476]
  0x000002a77a1d78e0 ConcurrentGCThread "G1 Main Marker" [stack: 0x000000d72f400000,0x000000d72f500000] [id=27420]
  0x000002a77a1d9d10 ConcurrentGCThread "G1 Conc#0" [stack: 0x000000d72f500000,0x000000d72f600000] [id=12536]
  0x000002a7583129a0 ConcurrentGCThread "G1 Conc#1" [stack: 0x000000d731b00000,0x000000d731c00000] [id=48984]
  0x000002a758312f20 ConcurrentGCThread "G1 Conc#2" [stack: 0x000000d731c00000,0x000000d731d00000] [id=32136]
  0x000002a77a1fe870 ConcurrentGCThread "G1 Refine#0" [stack: 0x000000d72f600000,0x000000d72f700000] [id=12352]
  0x000002a7593d8da0 ConcurrentGCThread "G1 Refine#1" [stack: 0x000000d735800000,0x000000d735900000] [id=44856]
  0x000002a7593d7330 ConcurrentGCThread "G1 Refine#2" [stack: 0x000000d735900000,0x000000d735a00000] [id=32304]
  0x000002a77f9200b0 ConcurrentGCThread "G1 Service" [stack: 0x000000d72f700000,0x000000d72f800000] [id=18480]

Threads with active compile tasks:

VM state: at safepoint (normal execution)

VM Mutex/Monitor currently owned by a thread:  ([mutex/lock_event])
[0x000002a777ea9f10] Threads_lock - owner thread: 0x000002a77fa2c010
[0x000002a77a158830] Heap_lock - owner thread: 0x000002a77a15bb10

Heap address: 0x0000000704400000, size: 4028 MB, Compressed Oops mode: Zero based, Oop shift amount: 3

CDS archive(s) mapped at: [0x000002a712000000-0x000002a712bd0000-0x000002a712bd0000), size 12386304, SharedBaseAddress: 0x000002a712000000, ArchiveRelocationMode: 1.
Compressed class space mapped at: 0x000002a713000000-0x000002a753000000, reserved size: 1073741824
Narrow klass base: 0x000002a712000000, Narrow klass shift: 0, Narrow klass range: 0x100000000

GC Precious Log:
 CPUs: 16 total, 16 available
 Memory: 16108M
 Large Page Support: Disabled
 NUMA Support: Disabled
 Compressed Oops: Enabled (Zero based)
 Heap Region Size: 2M
 Heap Min Capacity: 8M
 Heap Initial Capacity: 252M
 Heap Max Capacity: 4028M
 Pre-touch: Disabled
 Parallel Workers: 13
 Concurrent Workers: 3
 Concurrent Refinement Workers: 13
 Periodic GC: Disabled

Heap:
 garbage-first heap   total 172032K, used 70729K [0x0000000704400000, 0x0000000800000000)
  region size 2048K, 5 young (10240K), 5 survivors (10240K)
 Metaspace       used 87064K, committed 87680K, reserved 1179648K
  class space    used 11287K, committed 11584K, reserved 1048576K

Heap Regions: E=young(eden), S=young(survivor), O=old, HS=humongous(starts), HC=humongous(continues), CS=collection set, F=free, OA=open archive, CA=closed archive, TAMS=top-at-mark-start (previous, next)
|   0|0x0000000704400000, 0x0000000704600000, 0x0000000704600000|100%| O|  |TAMS 0x0000000704600000, 0x0000000704400000| Untracked 
|   1|0x0000000704600000, 0x0000000704800000, 0x0000000704800000|100%| O|  |TAMS 0x0000000704800000, 0x0000000704600000| Untracked 
|   2|0x0000000704800000, 0x0000000704a00000, 0x0000000704a00000|100%| O|  |TAMS 0x0000000704a00000, 0x0000000704800000| Untracked 
|   3|0x0000000704a00000, 0x0000000704c00000, 0x0000000704c00000|100%| O|  |TAMS 0x0000000704c00000, 0x0000000704a00000| Untracked 
|   4|0x0000000704c00000, 0x0000000704e00000, 0x0000000704e00000|100%| O|  |TAMS 0x0000000704e00000, 0x0000000704c00000| Untracked 
|   5|0x0000000704e00000, 0x0000000705000000, 0x0000000705000000|100%| O|  |TAMS 0x0000000705000000, 0x0000000704e00000| Untracked 
|   6|0x0000000705000000, 0x0000000705200000, 0x0000000705200000|100%| O|  |TAMS 0x0000000705200000, 0x0000000705000000| Untracked 
|   7|0x0000000705200000, 0x0000000705400000, 0x0000000705400000|100%| O|  |TAMS 0x0000000705400000, 0x0000000705200000| Untracked 
|   8|0x0000000705400000, 0x0000000705600000, 0x0000000705600000|100%| O|  |TAMS 0x0000000705600000, 0x0000000705400000| Untracked 
|   9|0x0000000705600000, 0x0000000705800000, 0x0000000705800000|100%| O|  |TAMS 0x0000000705800000, 0x0000000705600000| Untracked 
|  10|0x0000000705800000, 0x0000000705a00000, 0x0000000705a00000|100%| O|  |TAMS 0x0000000705a00000, 0x0000000705800000| Untracked 
|  11|0x0000000705a00000, 0x0000000705c00000, 0x0000000705c00000|100%| O|  |TAMS 0x0000000705c00000, 0x0000000705a00000| Untracked 
|  12|0x0000000705c00000, 0x0000000705e00000, 0x0000000705e00000|100%| O|  |TAMS 0x0000000705e00000, 0x0000000705c00000| Untracked 
|  13|0x0000000705e00000, 0x0000000706000000, 0x0000000706000000|100%| O|  |TAMS 0x0000000706000000, 0x0000000705e00000| Untracked 
|  14|0x0000000706000000, 0x0000000706200000, 0x0000000706200000|100%| O|  |TAMS 0x0000000706000000, 0x0000000706000000| Untracked 
|  15|0x0000000706200000, 0x0000000706400000, 0x0000000706400000|100%| O|  |TAMS 0x0000000706200000, 0x0000000706200000| Untracked 
|  16|0x0000000706400000, 0x0000000706600000, 0x0000000706600000|100%| O|  |TAMS 0x0000000706600000, 0x0000000706400000| Untracked 
|  17|0x0000000706600000, 0x0000000706800000, 0x0000000706800000|100%| O|  |TAMS 0x0000000706800000, 0x0000000706600000| Untracked 
|  18|0x0000000706800000, 0x0000000706a00000, 0x0000000706a00000|100%| O|  |TAMS 0x0000000706a00000, 0x0000000706800000| Untracked 
|  19|0x0000000706a00000, 0x0000000706c00000, 0x0000000706c00000|100%| O|  |TAMS 0x0000000706a00000, 0x0000000706a00000| Untracked 
|  20|0x0000000706c00000, 0x0000000706e00000, 0x0000000706e00000|100%| O|  |TAMS 0x0000000706c00000, 0x0000000706c00000| Untracked 
|  21|0x0000000706e00000, 0x0000000707000000, 0x0000000707000000|100%| O|  |TAMS 0x0000000706e00000, 0x0000000706e00000| Untracked 
|  22|0x0000000707000000, 0x0000000707200000, 0x0000000707200000|100%| O|  |TAMS 0x0000000707000000, 0x0000000707000000| Untracked 
|  23|0x0000000707200000, 0x0000000707400000, 0x0000000707400000|100%| O|  |TAMS 0x0000000707200000, 0x0000000707200000| Untracked 
|  24|0x0000000707400000, 0x0000000707600000, 0x0000000707600000|100%| O|  |TAMS 0x0000000707400000, 0x0000000707400000| Untracked 
|  25|0x0000000707600000, 0x0000000707800000, 0x0000000707800000|100%| O|  |TAMS 0x0000000707600000, 0x0000000707600000| Untracked 
|  26|0x0000000707800000, 0x0000000707a00000, 0x0000000707a00000|100%| O|  |TAMS 0x0000000707800000, 0x0000000707800000| Untracked 
|  27|0x0000000707a00000, 0x0000000707c00000, 0x0000000707c00000|100%| O|  |TAMS 0x0000000707a00000, 0x0000000707a00000| Untracked 
|  28|0x0000000707c00000, 0x0000000707da3400, 0x0000000707e00000| 81%| O|  |TAMS 0x0000000707c00000, 0x0000000707c00000| Untracked 
|  29|0x0000000707e00000, 0x0000000707e00000, 0x0000000708000000|  0%| F|  |TAMS 0x0000000707e00000, 0x0000000707e00000| Untracked 
|  30|0x0000000708000000, 0x0000000708000000, 0x0000000708200000|  0%| F|  |TAMS 0x0000000708000000, 0x0000000708000000| Untracked 
|  31|0x0000000708200000, 0x0000000708200000, 0x0000000708400000|  0%| F|  |TAMS 0x0000000708200000, 0x0000000708200000| Untracked 
|  32|0x0000000708400000, 0x0000000708400000, 0x0000000708600000|  0%| F|  |TAMS 0x0000000708400000, 0x0000000708400000| Untracked 
|  33|0x0000000708600000, 0x0000000708600000, 0x0000000708800000|  0%| F|  |TAMS 0x0000000708600000, 0x0000000708600000| Untracked 
|  34|0x0000000708800000, 0x0000000708a00000, 0x0000000708a00000|100%| O|  |TAMS 0x0000000708800000, 0x0000000708800000| Untracked 
|  35|0x0000000708a00000, 0x0000000708a00000, 0x0000000708c00000|  0%| F|  |TAMS 0x0000000708a00000, 0x0000000708a00000| Untracked 
|  36|0x0000000708c00000, 0x0000000708c00000, 0x0000000708e00000|  0%| F|  |TAMS 0x0000000708c00000, 0x0000000708c00000| Untracked 
|  37|0x0000000708e00000, 0x0000000708e00000, 0x0000000709000000|  0%| F|  |TAMS 0x0000000708e00000, 0x0000000708e00000| Untracked 
|  38|0x0000000709000000, 0x0000000709000000, 0x0000000709200000|  0%| F|  |TAMS 0x0000000709000000, 0x0000000709000000| Untracked 
|  39|0x0000000709200000, 0x0000000709200000, 0x0000000709400000|  0%| F|  |TAMS 0x0000000709200000, 0x0000000709200000| Untracked 
|  40|0x0000000709400000, 0x0000000709400000, 0x0000000709600000|  0%| F|  |TAMS 0x0000000709400000, 0x0000000709400000| Untracked 
|  41|0x0000000709600000, 0x000000070976f0f8, 0x0000000709800000| 71%| S|CS|TAMS 0x0000000709600000, 0x0000000709600000| Complete 
|  42|0x0000000709800000, 0x0000000709800000, 0x0000000709a00000|  0%| F|  |TAMS 0x0000000709800000, 0x0000000709800000| Untracked 
|  43|0x0000000709a00000, 0x0000000709a00000, 0x0000000709c00000|  0%| F|  |TAMS 0x0000000709a00000, 0x0000000709a00000| Untracked 
|  44|0x0000000709c00000, 0x0000000709c00000, 0x0000000709e00000|  0%| F|  |TAMS 0x0000000709c00000, 0x0000000709c00000| Untracked 
|  45|0x0000000709e00000, 0x000000070a000000, 0x000000070a000000|100%| S|CS|TAMS 0x0000000709e00000, 0x0000000709e00000| Complete 
|  46|0x000000070a000000, 0x000000070a200000, 0x000000070a200000|100%| S|CS|TAMS 0x000000070a000000, 0x000000070a000000| Complete 
|  47|0x000000070a200000, 0x000000070a400000, 0x000000070a400000|100%| S|CS|TAMS 0x000000070a200000, 0x000000070a200000| Complete 
|  48|0x000000070a400000, 0x000000070a600000, 0x000000070a600000|100%| S|CS|TAMS 0x000000070a400000, 0x000000070a400000| Complete 
|  49|0x000000070a600000, 0x000000070a600000, 0x000000070a800000|  0%| F|  |TAMS 0x000000070a600000, 0x000000070a600000| Untracked 
|  50|0x000000070a800000, 0x000000070a800000, 0x000000070aa00000|  0%| F|  |TAMS 0x000000070a800000, 0x000000070a800000| Untracked 
|  51|0x000000070aa00000, 0x000000070aa00000, 0x000000070ac00000|  0%| F|  |TAMS 0x000000070aa00000, 0x000000070aa00000| Untracked 
|  52|0x000000070ac00000, 0x000000070ac00000, 0x000000070ae00000|  0%| F|  |TAMS 0x000000070ac00000, 0x000000070ac00000| Untracked 
|  53|0x000000070ae00000, 0x000000070ae00000, 0x000000070b000000|  0%| F|  |TAMS 0x000000070ae00000, 0x000000070ae00000| Untracked 
|  54|0x000000070b000000, 0x000000070b000000, 0x000000070b200000|  0%| F|  |TAMS 0x000000070b000000, 0x000000070b000000| Untracked 
|  55|0x000000070b200000, 0x000000070b200000, 0x000000070b400000|  0%| F|  |TAMS 0x000000070b200000, 0x000000070b200000| Untracked 
|  56|0x000000070b400000, 0x000000070b400000, 0x000000070b600000|  0%| F|  |TAMS 0x000000070b400000, 0x000000070b400000| Untracked 
|  57|0x000000070b600000, 0x000000070b600000, 0x000000070b800000|  0%| F|  |TAMS 0x000000070b600000, 0x000000070b600000| Untracked 
|  58|0x000000070b800000, 0x000000070b800000, 0x000000070ba00000|  0%| F|  |TAMS 0x000000070b800000, 0x000000070b800000| Untracked 
|  59|0x000000070ba00000, 0x000000070ba00000, 0x000000070bc00000|  0%| F|  |TAMS 0x000000070ba00000, 0x000000070ba00000| Untracked 
|  60|0x000000070bc00000, 0x000000070bc00000, 0x000000070be00000|  0%| F|  |TAMS 0x000000070bc00000, 0x000000070bc00000| Untracked 
|  61|0x000000070be00000, 0x000000070be00000, 0x000000070c000000|  0%| F|  |TAMS 0x000000070be00000, 0x000000070be00000| Untracked 
|  62|0x000000070c000000, 0x000000070c000000, 0x000000070c200000|  0%| F|  |TAMS 0x000000070c000000, 0x000000070c000000| Untracked 
|  63|0x000000070c200000, 0x000000070c200000, 0x000000070c400000|  0%| F|  |TAMS 0x000000070c200000, 0x000000070c200000| Untracked 
|  64|0x000000070c400000, 0x000000070c400000, 0x000000070c600000|  0%| F|  |TAMS 0x000000070c400000, 0x000000070c400000| Untracked 
|  65|0x000000070c600000, 0x000000070c600000, 0x000000070c800000|  0%| F|  |TAMS 0x000000070c600000, 0x000000070c600000| Untracked 
|  66|0x000000070c800000, 0x000000070c800000, 0x000000070ca00000|  0%| F|  |TAMS 0x000000070c800000, 0x000000070c800000| Untracked 
|  67|0x000000070ca00000, 0x000000070ca00000, 0x000000070cc00000|  0%| F|  |TAMS 0x000000070ca00000, 0x000000070ca00000| Untracked 
|  68|0x000000070cc00000, 0x000000070cc00000, 0x000000070ce00000|  0%| F|  |TAMS 0x000000070cc00000, 0x000000070cc00000| Untracked 
|  69|0x000000070ce00000, 0x000000070ce00000, 0x000000070d000000|  0%| F|  |TAMS 0x000000070ce00000, 0x000000070ce00000| Untracked 
|  70|0x000000070d000000, 0x000000070d000000, 0x000000070d200000|  0%| F|  |TAMS 0x000000070d000000, 0x000000070d000000| Untracked 
|  71|0x000000070d200000, 0x000000070d200000, 0x000000070d400000|  0%| F|  |TAMS 0x000000070d200000, 0x000000070d200000| Untracked 
|  72|0x000000070d400000, 0x000000070d400000, 0x000000070d600000|  0%| F|  |TAMS 0x000000070d400000, 0x000000070d400000| Untracked 
|  73|0x000000070d600000, 0x000000070d600000, 0x000000070d800000|  0%| F|  |TAMS 0x000000070d600000, 0x000000070d600000| Untracked 
|  74|0x000000070d800000, 0x000000070d800000, 0x000000070da00000|  0%| F|  |TAMS 0x000000070d800000, 0x000000070d800000| Untracked 
|  75|0x000000070da00000, 0x000000070da00000, 0x000000070dc00000|  0%| F|  |TAMS 0x000000070da00000, 0x000000070da00000| Untracked 
|  76|0x000000070dc00000, 0x000000070dc00000, 0x000000070de00000|  0%| F|  |TAMS 0x000000070dc00000, 0x000000070dc00000| Untracked 
|  87|0x000000070f200000, 0x000000070f200000, 0x000000070f400000|  0%| F|  |TAMS 0x000000070f200000, 0x000000070f200000| Untracked 
|  88|0x000000070f400000, 0x000000070f400000, 0x000000070f600000|  0%| F|  |TAMS 0x000000070f400000, 0x000000070f400000| Untracked 
|  89|0x000000070f600000, 0x000000070f600000, 0x000000070f800000|  0%| F|  |TAMS 0x000000070f600000, 0x000000070f600000| Untracked 
|  90|0x000000070f800000, 0x000000070f800000, 0x000000070fa00000|  0%| F|  |TAMS 0x000000070f800000, 0x000000070f800000| Untracked 
|  91|0x000000070fa00000, 0x000000070fa00000, 0x000000070fc00000|  0%| F|  |TAMS 0x000000070fa00000, 0x000000070fa00000| Untracked 
|  92|0x000000070fc00000, 0x000000070fc00000, 0x000000070fe00000|  0%| F|  |TAMS 0x000000070fc00000, 0x000000070fc00000| Untracked 
| 125|0x0000000713e00000, 0x0000000713e00000, 0x0000000714000000|  0%| F|  |TAMS 0x0000000713e00000, 0x0000000713e00000| Untracked 

Card table byte_map: [0x000002a77e050000,0x000002a77e830000] _byte_map_base: 0x000002a77a82e000

Marking Bits (Prev, Next): (CMBitMap*) 0x000002a77a1c72d0, (CMBitMap*) 0x000002a77a1c7290
 Prev Bits: [0x000002a70b6d0000, 0x000002a70f5c0000)
 Next Bits: [0x000002a7077e0000, 0x000002a70b6d0000)

Polling page: 0x000002a778000000

Metaspace:

Usage:
  Non-class:     74.00 MB used.
      Class:     11.02 MB used.
       Both:     85.02 MB used.

Virtual space:
  Non-class space:      128.00 MB reserved,      74.31 MB ( 58%) committed,  2 nodes.
      Class space:        1.00 GB reserved,      11.31 MB (  1%) committed,  1 nodes.
             Both:        1.12 GB reserved,      85.62 MB (  7%) committed. 

Chunk freelists:
   Non-Class:  5.38 MB
       Class:  4.52 MB
        Both:  9.89 MB

MaxMetaspaceSize: unlimited
CompressedClassSpaceSize: 1.00 GB
Initial GC threshold: 21.00 MB
Current GC threshold: 98.69 MB
CDS: on
MetaspaceReclaimPolicy: balanced
 - commit_granule_bytes: 65536.
 - commit_granule_words: 8192.
 - virtual_space_node_default_size: 8388608.
 - enlarge_chunks_in_place: 1.
 - new_chunks_are_fully_committed: 0.
 - uncommit_free_chunks: 1.
 - use_allocation_guard: 0.
 - handle_deallocations: 1.


Internal statistics:

num_allocs_failed_limit: 11.
num_arena_births: 940.
num_arena_deaths: 0.
num_vsnodes_births: 3.
num_vsnodes_deaths: 0.
num_space_committed: 1368.
num_space_uncommitted: 0.
num_chunks_returned_to_freelist: 11.
num_chunks_taken_from_freelist: 4062.
num_chunk_merges: 8.
num_chunk_splits: 2920.
num_chunks_enlarged: 2224.
num_inconsistent_stats: 0.

CodeCache: size=49152Kb used=21401Kb max_used=21401Kb free=27750Kb
 bounds [0x000002a77a200000, 0x000002a77b6f0000, 0x000002a77d200000]
 total_blobs=9690 nmethods=8847 adapters=761
 compilation: enabled
              stopped_count=0, restarted_count=0
 full_count=0

Compilation events (20 events):
Event: 6.966 Thread 0x000002a75a4bf560 8839   !   1       jdk.proxy2.$Proxy82::annotationType (29 bytes)
Event: 6.966 Thread 0x000002a75a4bf560 nmethod 8839 0x000002a77b6e2610 code [0x000002a77b6e27c0, 0x000002a77b6e29d8]
Event: 6.970 Thread 0x000002a7119159d0 8840       1       java.util.stream.ReferencePipeline::iterator (8 bytes)
Event: 6.970 Thread 0x000002a758291720 8841       1       java.util.Spliterators::iterator (14 bytes)
Event: 6.970 Thread 0x000002a711917860 8842       1       java.util.Spliterators$1Adapter::<init> (15 bytes)
Event: 6.970 Thread 0x000002a711917860 nmethod 8842 0x000002a77b6e2b10 code [0x000002a77b6e2ca0, 0x000002a77b6e2db8]
Event: 6.970 Thread 0x000002a758291720 nmethod 8841 0x000002a77b6e2e10 code [0x000002a77b6e2fc0, 0x000002a77b6e31c8]
Event: 6.970 Thread 0x000002a7119159d0 nmethod 8840 0x000002a77b6e3290 code [0x000002a77b6e3440, 0x000002a77b6e3678]
Event: 6.971 Thread 0x000002a711917860 8843       1       org.springframework.beans.factory.support.DefaultSingletonBeanRegistry$$Lambda$614/0x000002a7133292b0::apply (8 bytes)
Event: 6.971 Thread 0x000002a75a4bf560 8844       1       org.springframework.beans.factory.support.DefaultSingletonBeanRegistry::lambda$registerDependentBean$3 (10 bytes)
Event: 6.971 Thread 0x000002a711917860 nmethod 8843 0x000002a77b6e3790 code [0x000002a77b6e3960, 0x000002a77b6e3be8]
Event: 6.972 Thread 0x000002a75a4bf560 nmethod 8844 0x000002a77b6e3d10 code [0x000002a77b6e3ee0, 0x000002a77b6e4108]
Event: 6.974 Thread 0x000002a75a4bf560 8845   !   1       org.springframework.beans.factory.support.DefaultListableBeanFactory::preInstantiateSingleton (165 bytes)
Event: 6.974 Thread 0x000002a711919dd0 8846       1       org.springframework.beans.factory.support.DefaultListableBeanFactory::instantiateSingleton (56 bytes)
Event: 6.975 Thread 0x000002a75a4bf560 nmethod 8845 0x000002a77b6e4210 code [0x000002a77b6e4440, 0x000002a77b6e4948]
Event: 6.975 Thread 0x000002a711919dd0 nmethod 8846 0x000002a77b6e4d10 code [0x000002a77b6e4f60, 0x000002a77b6e54b8]
Event: 6.979 Thread 0x000002a75815d7c0 8847       1       java.util.concurrent.ConcurrentHashMap$TreeBin::balanceInsertion (245 bytes)
Event: 6.980 Thread 0x000002a75815d7c0 nmethod 8847 0x000002a77b6e5810 code [0x000002a77b6e5a00, 0x000002a77b6e5d78]
Event: 6.990 Thread 0x000002a758290900 8848       1       org.springframework.core.annotation.TypeMappedAnnotations::<init> (43 bytes)
Event: 6.990 Thread 0x000002a758290900 nmethod 8848 0x000002a77b6e6110 code [0x000002a77b6e62c0, 0x000002a77b6e65f8]

GC Heap History (20 events):
Event: 2.890 GC heap after
{Heap after GC invocations=11 (full 0):
 garbage-first heap   total 122880K, used 35629K [0x0000000704400000, 0x0000000800000000)
  region size 2048K, 5 young (10240K), 5 survivors (10240K)
 Metaspace       used 44702K, committed 45184K, reserved 1114112K
  class space    used 6296K, committed 6528K, reserved 1048576K
}
Event: 2.903 GC heap before
{Heap before GC invocations=11 (full 0):
 garbage-first heap   total 122880K, used 37677K [0x0000000704400000, 0x0000000800000000)
  region size 2048K, 6 young (12288K), 5 survivors (10240K)
 Metaspace       used 44725K, committed 45248K, reserved 1114112K
  class space    used 6300K, committed 6528K, reserved 1048576K
}
Event: 2.909 GC heap after
{Heap after GC invocations=12 (full 0):
 garbage-first heap   total 122880K, used 36680K [0x0000000704400000, 0x0000000800000000)
  region size 2048K, 1 young (2048K), 1 survivors (2048K)
 Metaspace       used 44725K, committed 45248K, reserved 1114112K
  class space    used 6300K, committed 6528K, reserved 1048576K
}
Event: 3.412 GC heap before
{Heap before GC invocations=12 (full 0):
 garbage-first heap   total 122880K, used 89928K [0x0000000704400000, 0x0000000800000000)
  region size 2048K, 27 young (55296K), 1 survivors (2048K)
 Metaspace       used 51743K, committed 52352K, reserved 1114112K
  class space    used 7182K, committed 7488K, reserved 1048576K
}
Event: 3.415 GC heap after
{Heap after GC invocations=13 (full 0):
 garbage-first heap   total 245760K, used 38782K [0x0000000704400000, 0x0000000800000000)
  region size 2048K, 2 young (4096K), 2 survivors (4096K)
 Metaspace       used 51743K, committed 52352K, reserved 1114112K
  class space    used 7182K, committed 7488K, reserved 1048576K
}
Event: 3.735 GC heap before
{Heap before GC invocations=13 (full 0):
 garbage-first heap   total 245760K, used 180094K [0x0000000704400000, 0x0000000800000000)
  region size 2048K, 71 young (145408K), 2 survivors (4096K)
 Metaspace       used 52858K, committed 53440K, reserved 1114112K
  class space    used 7331K, committed 7616K, reserved 1048576K
}
Event: 3.738 GC heap after
{Heap after GC invocations=14 (full 0):
 garbage-first heap   total 245760K, used 41248K [0x0000000704400000, 0x0000000800000000)
  region size 2048K, 3 young (6144K), 3 survivors (6144K)
 Metaspace       used 52858K, committed 53440K, reserved 1114112K
  class space    used 7331K, committed 7616K, reserved 1048576K
}
Event: 4.225 GC heap before
{Heap before GC invocations=14 (full 0):
 garbage-first heap   total 245760K, used 92448K [0x0000000704400000, 0x0000000800000000)
  region size 2048K, 30 young (61440K), 3 survivors (6144K)
 Metaspace       used 59958K, committed 60480K, reserved 1114112K
  class space    used 8126K, committed 8384K, reserved 1048576K
}
Event: 4.230 GC heap after
{Heap after GC invocations=15 (full 0):
 garbage-first heap   total 245760K, used 45998K [0x0000000704400000, 0x0000000800000000)
  region size 2048K, 6 young (12288K), 6 survivors (12288K)
 Metaspace       used 59958K, committed 60480K, reserved 1114112K
  class space    used 8126K, committed 8384K, reserved 1048576K
}
Event: 5.035 GC heap before
{Heap before GC invocations=16 (full 0):
 garbage-first heap   total 172032K, used 134062K [0x0000000704400000, 0x0000000800000000)
  region size 2048K, 50 young (102400K), 6 survivors (12288K)
 Metaspace       used 73380K, committed 73920K, reserved 1114112K
  class space    used 9710K, committed 9984K, reserved 1048576K
}
Event: 5.043 GC heap after
{Heap after GC invocations=17 (full 0):
 garbage-first heap   total 172032K, used 54066K [0x0000000704400000, 0x0000000800000000)
  region size 2048K, 7 young (14336K), 7 survivors (14336K)
 Metaspace       used 73380K, committed 73920K, reserved 1114112K
  class space    used 9710K, committed 9984K, reserved 1048576K
}
Event: 5.222 GC heap before
{Heap before GC invocations=17 (full 0):
 garbage-first heap   total 172032K, used 56114K [0x0000000704400000, 0x0000000800000000)
  region size 2048K, 8 young (16384K), 7 survivors (14336K)
 Metaspace       used 75909K, committed 76480K, reserved 1179648K
  class space    used 10040K, committed 10304K, reserved 1048576K
}
Event: 5.228 GC heap after
{Heap after GC invocations=18 (full 0):
 garbage-first heap   total 172032K, used 56153K [0x0000000704400000, 0x0000000800000000)
  region size 2048K, 1 young (2048K), 1 survivors (2048K)
 Metaspace       used 75909K, committed 76480K, reserved 1179648K
  class space    used 10040K, committed 10304K, reserved 1048576K
}
Event: 5.815 GC heap before
{Heap before GC invocations=18 (full 0):
 garbage-first heap   total 172032K, used 133977K [0x0000000704400000, 0x0000000800000000)
  region size 2048K, 39 young (79872K), 1 survivors (2048K)
 Metaspace       used 80160K, committed 80704K, reserved 1179648K
  class space    used 10486K, committed 10752K, reserved 1048576K
}
Event: 5.817 GC heap after
{Heap after GC invocations=19 (full 0):
 garbage-first heap   total 172032K, used 58514K [0x0000000704400000, 0x0000000800000000)
  region size 2048K, 3 young (6144K), 3 survivors (6144K)
 Metaspace       used 80160K, committed 80704K, reserved 1179648K
  class space    used 10486K, committed 10752K, reserved 1048576K
}
Event: 6.068 GC heap before
{Heap before GC invocations=19 (full 0):
 garbage-first heap   total 172032K, used 134290K [0x0000000704400000, 0x0000000800000000)
  region size 2048K, 40 young (81920K), 3 survivors (6144K)
 Metaspace       used 81164K, committed 81728K, reserved 1179648K
  class space    used 10537K, committed 10816K, reserved 1048576K
}
Event: 6.071 GC heap after
{Heap after GC invocations=20 (full 0):
 garbage-first heap   total 172032K, used 61276K [0x0000000704400000, 0x0000000800000000)
  region size 2048K, 4 young (8192K), 4 survivors (8192K)
 Metaspace       used 81164K, committed 81728K, reserved 1179648K
  class space    used 10537K, committed 10816K, reserved 1048576K
}
Event: 6.451 GC heap before
{Heap before GC invocations=20 (full 0):
 garbage-first heap   total 172032K, used 137052K [0x0000000704400000, 0x0000000800000000)
  region size 2048K, 41 young (83968K), 4 survivors (8192K)
 Metaspace       used 82949K, committed 83584K, reserved 1179648K
  class space    used 10686K, committed 11008K, reserved 1048576K
}
Event: 6.458 GC heap after
{Heap after GC invocations=21 (full 0):
 garbage-first heap   total 172032K, used 65215K [0x0000000704400000, 0x0000000800000000)
  region size 2048K, 4 young (8192K), 4 survivors (8192K)
 Metaspace       used 82949K, committed 83584K, reserved 1179648K
  class space    used 10686K, committed 11008K, reserved 1048576K
}
Event: 7.063 GC heap before
{Heap before GC invocations=21 (full 0):
 garbage-first heap   total 172032K, used 136895K [0x0000000704400000, 0x0000000800000000)
  region size 2048K, 39 young (79872K), 4 survivors (8192K)
 Metaspace       used 87064K, committed 87680K, reserved 1179648K
  class space    used 11287K, committed 11584K, reserved 1048576K
}

Deoptimization events (14 events):
Event: 2.871 Thread 0x000002a77a15bb10 DEOPT PACKING pc=0x000002a77af83095 sp=0x000000d72f2fba10
Event: 2.871 Thread 0x000002a77a15bb10 DEOPT UNPACKING pc=0x000002a77a252b43 sp=0x000000d72f2fafb8 mode 0
Event: 3.168 Thread 0x000002a77a15bb10 DEOPT PACKING pc=0x000002a77a863389 sp=0x000000d72f2fe8d0
Event: 3.168 Thread 0x000002a77a15bb10 DEOPT UNPACKING pc=0x000002a77a252b43 sp=0x000000d72f2fdd60 mode 3
Event: 3.168 Thread 0x000002a75910b1b0 DEOPT PACKING pc=0x000002a77a7c689f sp=0x000000d731ffecd0
Event: 3.168 Thread 0x000002a75910b1b0 DEOPT UNPACKING pc=0x000002a77a252b43 sp=0x000000d731ffe128 mode 3
Event: 3.786 Thread 0x000002a77a15bb10 DEOPT PACKING pc=0x000002a77a952362 sp=0x000000d72f2f9b10
Event: 3.786 Thread 0x000002a77a15bb10 DEOPT UNPACKING pc=0x000002a77a252b43 sp=0x000000d72f2f9018 mode 3
Event: 5.811 Thread 0x000002a758440080 DEOPT PACKING pc=0x000002a77ad39684 sp=0x000000d731dfea80
Event: 5.811 Thread 0x000002a758440080 DEOPT UNPACKING pc=0x000002a77a252b43 sp=0x000000d731dfdf98 mode 0
Event: 5.811 Thread 0x000002a758440080 DEOPT PACKING pc=0x000002a77a6ce0c4 sp=0x000000d731dfeb50
Event: 5.811 Thread 0x000002a758440080 DEOPT UNPACKING pc=0x000002a77a252b43 sp=0x000000d731dfe030 mode 0
Event: 6.544 Thread 0x000002a77a15bb10 DEOPT PACKING pc=0x000002a77b60b7a4 sp=0x000000d72f2fa650
Event: 6.544 Thread 0x000002a77a15bb10 DEOPT UNPACKING pc=0x000002a77a252b43 sp=0x000000d72f2f9d30 mode 0

Classes unloaded (0 events):
No events

Classes redefined (0 events):
No events

Internal exceptions (20 events):
Event: 4.554 Thread 0x000002a77a15bb10 Exception <a 'java/lang/NoSuchMethodError'{0x000000070b9e42e0}: 'java.lang.Object java.lang.invoke.DirectMethodHandle$Holder.invokeInterface(java.lang.Object, java.lang.Object, java.lang.Object, java.lang.Object)'> (0x000000070b9e42e0) 
thrown [s\open\src\hotspot\share\interpreter\linkResolver.cpp, line 759]
Event: 4.671 Thread 0x000002a77a15bb10 Exception <a 'java/lang/NoSuchMethodError'{0x000000070aa8ef98}: 'int java.lang.invoke.DirectMethodHandle$Holder.invokeStatic(java.lang.Object, java.lang.Object, int, java.lang.Object)'> (0x000000070aa8ef98) 
thrown [s\open\src\hotspot\share\interpreter\linkResolver.cpp, line 759]
Event: 4.683 Thread 0x000002a77a15bb10 Exception <a 'sun/nio/fs/WindowsException'{0x000000070aad4fa8}> (0x000000070aad4fa8) 
thrown [s\open\src\hotspot\share\prims\jni.cpp, line 516]
Event: 4.803 Thread 0x000002a758440080 Exception <a 'java/lang/reflect/InvocationTargetException'{0x0000000709800958}> (0x0000000709800958) 
thrown [s\open\src\hotspot\share\runtime\reflection.cpp, line 1121]
Event: 4.833 Thread 0x000002a759cd6f30 Exception <a 'java/lang/NoSuchMethodError'{0x000000070d6dda90}: 'java.lang.Object java.lang.invoke.DirectMethodHandle$Holder.newInvokeSpecial(java.lang.Object, java.lang.Object, java.lang.Object, long, java.lang.Object)'> (0x000000070d6dda90) 
thrown [s\open\src\hotspot\share\interpreter\linkResolver.cpp, line 759]
Event: 4.833 Thread 0x000002a759cd6f30 Exception <a 'java/lang/NoSuchMethodError'{0x0000000709702868}: 'java.lang.Object java.lang.invoke.Invokers$Holder.linkToTargetMethod(java.lang.Object, java.lang.Object, long, java.lang.Object, java.lang.Object)'> (0x0000000709702868) 
thrown [s\open\src\hotspot\share\interpreter\linkResolver.cpp, line 759]
Event: 4.860 Thread 0x000002a77a15bb10 Exception <a 'java/lang/NoSuchMethodError'{0x000000070946f450}: 'void java.lang.invoke.DirectMethodHandle$Holder.invokeVirtual(java.lang.Object, java.lang.Object, java.lang.Object, java.lang.Object)'> (0x000000070946f450) 
thrown [s\open\src\hotspot\share\interpreter\linkResolver.cpp, line 759]
Event: 5.308 Thread 0x000002a758440080 Exception <a 'java/lang/reflect/InvocationTargetException'{0x000000070f91ccb0}> (0x000000070f91ccb0) 
thrown [s\open\src\hotspot\share\runtime\reflection.cpp, line 1121]
Event: 5.379 Thread 0x000002a77a15bb10 Exception <a 'java/io/FileNotFoundException'{0x000000070db2f990}> (0x000000070db2f990) 
thrown [s\open\src\hotspot\share\prims\jni.cpp, line 516]
Event: 5.380 Thread 0x000002a77a15bb10 Exception <a 'java/io/FileNotFoundException'{0x000000070db3b518}> (0x000000070db3b518) 
thrown [s\open\src\hotspot\share\prims\jni.cpp, line 516]
Event: 5.463 Thread 0x000002a77a15bb10 Exception <a 'java/lang/ClassNotFoundException'{0x000000070cd73970}: java/util/MapBeanInfo> (0x000000070cd73970) 
thrown [s\open\src\hotspot\share\classfile\systemDictionary.cpp, line 256]
Event: 5.463 Thread 0x000002a77a15bb10 Exception <a 'java/lang/ClassNotFoundException'{0x000000070cd75630}: java/util/MapCustomizer> (0x000000070cd75630) 
thrown [s\open\src\hotspot\share\classfile\systemDictionary.cpp, line 256]
Event: 5.525 Thread 0x000002a77a15bb10 Exception <a 'java/lang/ClassNotFoundException'{0x000000070c4b5ba0}: sun/awt/resources/spi/awtProvider> (0x000000070c4b5ba0) 
thrown [s\open\src\hotspot\share\classfile\systemDictionary.cpp, line 256]
Event: 5.535 Thread 0x000002a77a15bb10 Exception <a 'java/io/FileNotFoundException'{0x000000070c4c1048}> (0x000000070c4c1048) 
thrown [s\open\src\hotspot\share\prims\jni.cpp, line 516]
Event: 5.536 Thread 0x000002a77a15bb10 Exception <a 'java/io/FileNotFoundException'{0x000000070c4c2c18}> (0x000000070c4c2c18) 
thrown [s\open\src\hotspot\share\prims\jni.cpp, line 516]
Event: 5.814 Thread 0x000002a758440080 Exception <a 'java/lang/reflect/InvocationTargetException'{0x0000000709f20cf0}> (0x0000000709f20cf0) 
thrown [s\open\src\hotspot\share\runtime\reflection.cpp, line 1121]
Event: 6.187 Thread 0x000002a77a15bb10 Exception <a 'sun/nio/fs/WindowsException'{0x000000070d989ea8}> (0x000000070d989ea8) 
thrown [s\open\src\hotspot\share\prims\jni.cpp, line 516]
Event: 6.322 Thread 0x000002a758440080 Exception <a 'java/lang/reflect/InvocationTargetException'{0x000000070c006688}> (0x000000070c006688) 
thrown [s\open\src\hotspot\share\runtime\reflection.cpp, line 1121]
Event: 6.734 Thread 0x000002a77a15bb10 Exception <a 'java/lang/IncompatibleClassChangeError'{0x000000070cb621c8}: Found class java.lang.Object, but interface was expected> (0x000000070cb621c8) 
thrown [s\open\src\hotspot\share\interpreter\linkResolver.cpp, line 826]
Event: 6.827 Thread 0x000002a758440080 Exception <a 'java/lang/reflect/InvocationTargetException'{0x000000070c125730}> (0x000000070c125730) 
thrown [s\open\src\hotspot\share\runtime\reflection.cpp, line 1121]

VM Operations (20 events):
Event: 6.619 Executing VM operation: HandshakeAllThreads done
Event: 6.634 Executing VM operation: HandshakeAllThreads
Event: 6.634 Executing VM operation: HandshakeAllThreads done
Event: 6.646 Executing VM operation: HandshakeAllThreads
Event: 6.647 Executing VM operation: HandshakeAllThreads done
Event: 6.647 Executing VM operation: HandshakeAllThreads
Event: 6.647 Executing VM operation: HandshakeAllThreads done
Event: 6.747 Executing VM operation: HandshakeAllThreads
Event: 6.747 Executing VM operation: HandshakeAllThreads done
Event: 6.766 Executing VM operation: HandshakeAllThreads
Event: 6.766 Executing VM operation: HandshakeAllThreads done
Event: 6.912 Executing VM operation: ICBufferFull
Event: 6.912 Executing VM operation: ICBufferFull done
Event: 6.994 Executing VM operation: HandshakeAllThreads
Event: 6.994 Executing VM operation: HandshakeAllThreads done
Event: 7.024 Executing VM operation: HandshakeAllThreads
Event: 7.024 Executing VM operation: HandshakeAllThreads done
Event: 7.024 Executing VM operation: HandshakeAllThreads
Event: 7.024 Executing VM operation: HandshakeAllThreads done
Event: 7.063 Executing VM operation: G1CollectForAllocation

Events (20 events):
Event: 5.753 loading class javax/xml/stream/FactoryFinder
Event: 5.754 loading class javax/xml/stream/FactoryFinder done
Event: 5.754 loading class javax/xml/stream/FactoryFinder$1
Event: 5.754 loading class javax/xml/stream/FactoryFinder$1 done
Event: 5.755 loading class com/sun/xml/internal/stream/XMLInputFactoryImpl
Event: 5.755 loading class com/sun/xml/internal/stream/XMLInputFactoryImpl done
Event: 5.755 loading class com/sun/org/apache/xerces/internal/impl/PropertyManager
Event: 5.755 loading class com/sun/org/apache/xerces/internal/impl/PropertyManager done
Event: 5.758 Thread 0x000002a759de4260 Thread added: 0x000002a759de4260
Event: 5.812 Thread 0x000002a759de60c0 Thread added: 0x000002a759de60c0
Event: 5.815 Thread 0x000002a759de60c0 Thread exited: 0x000002a759de60c0
Event: 5.889 Thread 0x000002a75a4bf560 Thread added: 0x000002a75a4bf560
Event: 6.222 loading class java/lang/SafeVarargs
Event: 6.222 loading class java/lang/SafeVarargs done
Event: 6.320 Thread 0x000002a759de4c80 Thread added: 0x000002a759de4c80
Event: 6.323 Thread 0x000002a759de4c80 Thread exited: 0x000002a759de4c80
Event: 6.618 loading class java/util/ArrayList$ListItr
Event: 6.618 loading class java/util/ArrayList$ListItr done
Event: 6.825 Thread 0x000002a759de56a0 Thread added: 0x000002a759de56a0
Event: 6.828 Thread 0x000002a759de56a0 Thread exited: 0x000002a759de56a0


Dynamic libraries:
0x00007ff6548d0000 - 0x00007ff6548e0000 	D:\Program Files\Java\jdk-17\bin\java.exe
0x00007ffd7b480000 - 0x00007ffd7b6e7000 	C:\WINDOWS\SYSTEM32\ntdll.dll
0x00007ffd7a080000 - 0x00007ffd7a149000 	C:\WINDOWS\System32\KERNEL32.DLL
0x00007ffd789d0000 - 0x00007ffd78dc4000 	C:\WINDOWS\System32\KERNELBASE.dll
0x00007ffd78f40000 - 0x00007ffd7908b000 	C:\WINDOWS\System32\ucrtbase.dll
0x00007ffd721c0000 - 0x00007ffd721d9000 	D:\Program Files\Java\jdk-17\bin\jli.dll
0x00007ffd74d50000 - 0x00007ffd74d6b000 	D:\Program Files\Java\jdk-17\bin\VCRUNTIME140.dll
0x00007ffd792a0000 - 0x00007ffd79356000 	C:\WINDOWS\System32\ADVAPI32.dll
0x00007ffd793a0000 - 0x00007ffd79449000 	C:\WINDOWS\System32\msvcrt.dll
0x00007ffd7a800000 - 0x00007ffd7a8a7000 	C:\WINDOWS\System32\sechost.dll
0x00007ffd7a660000 - 0x00007ffd7a778000 	C:\WINDOWS\System32\RPCRT4.dll
0x00007ffd79780000 - 0x00007ffd79945000 	C:\WINDOWS\System32\USER32.dll
0x00007ffd5ab50000 - 0x00007ffd5ade3000 	C:\WINDOWS\WinSxS\amd64_microsoft.windows.common-controls_6595b64144ccf1df_6.0.26100.8115_none_3e075c82e3354f9c\COMCTL32.dll
0x00007ffd78870000 - 0x00007ffd78897000 	C:\WINDOWS\System32\win32u.dll
0x00007ffd79e70000 - 0x00007ffd79e9b000 	C:\WINDOWS\System32\GDI32.dll
0x00007ffd788a0000 - 0x00007ffd789cb000 	C:\WINDOWS\System32\gdi32full.dll
0x00007ffd77f50000 - 0x00007ffd77ff3000 	C:\WINDOWS\System32\msvcp_win.dll
0x00007ffd71df0000 - 0x00007ffd71dfb000 	C:\WINDOWS\SYSTEM32\VERSION.dll
0x00007ffd79360000 - 0x00007ffd79392000 	C:\WINDOWS\System32\IMM32.DLL
0x00007ffd74da0000 - 0x00007ffd74dac000 	D:\Program Files\Java\jdk-17\bin\vcruntime140_1.dll
0x00007ffd52b80000 - 0x00007ffd52c0e000 	D:\Program Files\Java\jdk-17\bin\msvcp140.dll
0x00007ffcb04b0000 - 0x00007ffcb108f000 	D:\Program Files\Java\jdk-17\bin\server\jvm.dll
0x00007ffd7a640000 - 0x00007ffd7a648000 	C:\WINDOWS\System32\PSAPI.DLL
0x00007ffd6b6b0000 - 0x00007ffd6b6e6000 	C:\WINDOWS\SYSTEM32\WINMM.dll
0x00007ffcc2fe0000 - 0x00007ffcc2fea000 	C:\WINDOWS\SYSTEM32\WSOCK32.dll
0x00007ffd79210000 - 0x00007ffd79290000 	C:\WINDOWS\System32\WS2_32.dll
0x00007ffd76ae0000 - 0x00007ffd76afb000 	C:\WINDOWS\SYSTEM32\kernel.appcore.dll
0x00007ffd74d40000 - 0x00007ffd74d4a000 	D:\Program Files\Java\jdk-17\bin\jimage.dll
0x00007ffd75bf0000 - 0x00007ffd75e32000 	C:\WINDOWS\SYSTEM32\DBGHELP.DLL
0x00007ffd79950000 - 0x00007ffd79cd2000 	C:\WINDOWS\System32\combase.dll
0x00007ffd79fa0000 - 0x00007ffd7a078000 	C:\WINDOWS\System32\OLEAUT32.dll
0x00007ffd65b60000 - 0x00007ffd65b9b000 	C:\WINDOWS\SYSTEM32\dbgcore.DLL
0x00007ffd77de0000 - 0x00007ffd77e85000 	C:\WINDOWS\System32\bcryptPrimitives.dll
0x00007ffd65af0000 - 0x00007ffd65afe000 	D:\Program Files\Java\jdk-17\bin\instrument.dll
0x00007ffd72190000 - 0x00007ffd721b5000 	D:\Program Files\Java\jdk-17\bin\java.dll
0x00007ffd37790000 - 0x00007ffd37867000 	D:\Program Files\Java\jdk-17\bin\jsvml.dll
0x00007ffd7aa60000 - 0x00007ffd7b1c7000 	C:\WINDOWS\System32\SHELL32.dll
0x00007ffd78dd0000 - 0x00007ffd78f3a000 	C:\WINDOWS\System32\wintypes.dll
0x00007ffd78000000 - 0x00007ffd78868000 	C:\WINDOWS\System32\windows.storage.dll
0x00007ffd79d70000 - 0x00007ffd79e68000 	C:\WINDOWS\System32\SHCORE.dll
0x00007ffd79f30000 - 0x00007ffd79f96000 	C:\WINDOWS\System32\shlwapi.dll
0x00007ffd77c70000 - 0x00007ffd77c99000 	C:\WINDOWS\SYSTEM32\profapi.dll
0x00007ffd648c0000 - 0x00007ffd648d8000 	D:\Program Files\Java\jdk-17\bin\zip.dll
0x00007ffd65b00000 - 0x00007ffd65b19000 	D:\Program Files\Java\jdk-17\bin\net.dll
0x00007ffd71e90000 - 0x00007ffd71fbd000 	C:\WINDOWS\SYSTEM32\WINHTTP.dll
0x00007ffd77050000 - 0x00007ffd770bc000 	C:\WINDOWS\system32\mswsock.dll
0x00007ffd64ec0000 - 0x00007ffd64ed6000 	D:\Program Files\Java\jdk-17\bin\nio.dll
0x00007ffd643a0000 - 0x00007ffd643ba000 	D:\Program Files\JetBrains\IntelliJ IDEA 2024.1\bin\breakgen64.dll
0x00007ffd76570000 - 0x00007ffd766a2000 	C:\WINDOWS\SYSTEM32\DNSAPI.dll
0x00007ffd764e0000 - 0x00007ffd76512000 	C:\WINDOWS\SYSTEM32\IPHLPAPI.DLL
0x00007ffd7a650000 - 0x00007ffd7a65a000 	C:\WINDOWS\System32\NSI.dll
0x00007ffd71e00000 - 0x00007ffd71e0b000 	C:\Windows\System32\rasadhlp.dll
0x00007ffd72300000 - 0x00007ffd72386000 	C:\WINDOWS\System32\fwpuclnt.dll
0x00007ffd648b0000 - 0x00007ffd648ba000 	D:\Program Files\Java\jdk-17\bin\management.dll
0x00007ffd64890000 - 0x00007ffd6489b000 	D:\Program Files\Java\jdk-17\bin\management_ext.dll
0x00007ffd77330000 - 0x00007ffd7734b000 	C:\WINDOWS\SYSTEM32\CRYPTSP.dll
0x00007ffd76a40000 - 0x00007ffd76a79000 	C:\WINDOWS\system32\rsaenh.dll
0x00007ffd77100000 - 0x00007ffd77133000 	C:\WINDOWS\SYSTEM32\USERENV.dll
0x00007ffd77c40000 - 0x00007ffd77c6a000 	C:\WINDOWS\SYSTEM32\bcrypt.dll
0x00007ffd77350000 - 0x00007ffd7735c000 	C:\WINDOWS\SYSTEM32\CRYPTBASE.dll
0x00007ffd72150000 - 0x00007ffd7216d000 	C:\WINDOWS\SYSTEM32\dhcpcsvc6.DLL
0x00007ffd72110000 - 0x00007ffd72135000 	C:\WINDOWS\SYSTEM32\dhcpcsvc.DLL
0x00007ffd482a0000 - 0x00007ffd482b8000 	C:\WINDOWS\system32\napinsp.dll
0x00007ffd48280000 - 0x00007ffd48293000 	C:\WINDOWS\System32\winrnr.dll
0x00007ffd48250000 - 0x00007ffd48272000 	C:\WINDOWS\system32\nlansp_c.dll
0x00007ffd6af40000 - 0x00007ffd6af56000 	C:\WINDOWS\system32\wshbth.dll
0x00007ffd647c0000 - 0x00007ffd647ce000 	D:\Program Files\Java\jdk-17\bin\sunmscapi.dll
0x00007ffd79090000 - 0x00007ffd79207000 	C:\WINDOWS\System32\CRYPT32.dll
0x00007ffd77550000 - 0x00007ffd77580000 	C:\WINDOWS\SYSTEM32\ncrypt.dll
0x00007ffd77500000 - 0x00007ffd7753f000 	C:\WINDOWS\SYSTEM32\NTASN1.dll
0x00007ffd647b0000 - 0x00007ffd647c0000 	D:\Program Files\Java\jdk-17\bin\verify.dll
0x00007ffd3e400000 - 0x00007ffd3e408000 	C:\WINDOWS\system32\wshunix.dll
0x00007ffd08620000 - 0x00007ffd087b1000 	D:\Program Files\Java\jdk-17\bin\awt.dll
0x00007ffd75080000 - 0x00007ffd7511f000 	C:\WINDOWS\SYSTEM32\apphelp.dll

dbghelp: loaded successfully - version: 4.0.5 - missing functions: none
symbol engine: initialized successfully - sym options: 0x614 - pdb path: .;D:\Program Files\Java\jdk-17\bin;C:\WINDOWS\SYSTEM32;C:\WINDOWS\WinSxS\amd64_microsoft.windows.common-controls_6595b64144ccf1df_6.0.26100.8115_none_3e075c82e3354f9c;D:\Program Files\Java\jdk-17\bin\server;D:\Program Files\JetBrains\IntelliJ IDEA 2024.1\bin

VM Arguments:
jvm_args: -XX:TieredStopAtLevel=1 -Dspring.output.ansi.enabled=always -Dcom.sun.management.jmxremote -Dspring.jmx.enabled=true -Dspring.liveBeansView.mbeanDomain -Dspring.application.admin.enabled=true -Dmanagement.endpoints.jmx.exposure.include=* -javaagent:D:\Program Files\JetBrains\IntelliJ IDEA 2024.1\lib\idea_rt.jar=49324:D:\Program Files\JetBrains\IntelliJ IDEA 2024.1\bin -Dfile.encoding=UTF-8 
java_command: com.taoxier.smartdochub.SmartDocHubApplication
java_class_path (initial): D:\IdeaProjects\SmartDocHub\target\classes;C:\Users\18031\.m2\repository\org\projectlombok\lombok\1.18.38\lombok-1.18.38.jar;C:\Users\18031\.m2\repository\cn\hutool\hutool-all\5.8.34\hutool-all-5.8.34.jar;C:\Users\18031\.m2\repository\org\projectlombok\lombok-mapstruct-binding\0.2.0\lombok-mapstruct-binding-0.2.0.jar;C:\Users\18031\.m2\repository\org\springframework\boot\spring-boot-starter-web\3.5.5\spring-boot-starter-web-3.5.5.jar;C:\Users\18031\.m2\repository\org\springframework\boot\spring-boot-starter\3.5.5\spring-boot-starter-3.5.5.jar;C:\Users\18031\.m2\repository\org\springframework\boot\spring-boot\3.5.5\spring-boot-3.5.5.jar;C:\Users\18031\.m2\repository\org\springframework\boot\spring-boot-starter-logging\3.5.5\spring-boot-starter-logging-3.5.5.jar;C:\Users\18031\.m2\repository\ch\qos\logback\logback-classic\1.5.18\logback-classic-1.5.18.jar;C:\Users\18031\.m2\repository\ch\qos\logback\logback-core\1.5.18\logback-core-1.5.18.jar;C:\Users\18031\.m2\repository\org\apache\logging\log4j\log4j-to-slf4j\2.24.3\log4j-to-slf4j-2.24.3.jar;C:\Users\18031\.m2\repository\org\slf4j\jul-to-slf4j\2.0.17\jul-to-slf4j-2.0.17.jar;C:\Users\18031\.m2\repository\jakarta\annotation\jakarta.annotation-api\2.1.1\jakarta.annotation-api-2.1.1.jar;C:\Users\18031\.m2\repository\org\yaml\snakeyaml\2.4\snakeyaml-2.4.jar;C:\Users\18031\.m2\repository\org\springframework\boot\spring-boot-starter-json\3.5.5\spring-boot-starter-json-3.5.5.jar;C:\Users\18031\.m2\repository\com\fasterxml\jackson\datatype\jackson-datatype-jdk8\2.19.2\jackson-datatype-jdk8-2.19.2.jar;C:\Users\18031\.m2\repository\com\fasterxml\jackson\datatype\jackson-datatype-jsr310\2.19.2\jackson-datatype-jsr310-2.19.2.jar;C:\Users\18031\.m2\repository\com\fasterxml\jackson\module\jackson-module-parameter-names\2.19.2\jackson-module-parameter-names-2.19.2.jar;C:\Users\18031\.m2\repository\org\springframework\boot\spring-boot-starter-tomcat\3.5.5\spring-boot-starter-tomcat-3.5.5.jar;C:\Users\180
Launcher Type: SUN_STANDARD

[Global flags]
     intx CICompilerCount                          = 12                                        {product} {ergonomic}
     uint ConcGCThreads                            = 3                                         {product} {ergonomic}
     uint G1ConcRefinementThreads                  = 13                                        {product} {ergonomic}
   size_t G1HeapRegionSize                         = 2097152                                   {product} {ergonomic}
    uintx GCDrainStackTargetSize                   = 64                                        {product} {ergonomic}
   size_t InitialHeapSize                          = 264241152                                 {product} {ergonomic}
     bool ManagementServer                         = true                                      {product} {command line}
   size_t MarkStackSize                            = 4194304                                   {product} {ergonomic}
   size_t MaxHeapSize                              = 4223664128                                {product} {ergonomic}
   size_t MaxNewSize                               = 2533359616                                {product} {ergonomic}
   size_t MinHeapDeltaBytes                        = 2097152                                   {product} {ergonomic}
   size_t MinHeapSize                              = 8388608                                   {product} {ergonomic}
    uintx NonProfiledCodeHeapSize                  = 0                                      {pd product} {ergonomic}
     bool ProfileInterpreter                       = false                                  {pd product} {command line}
    uintx ProfiledCodeHeapSize                     = 0                                      {pd product} {ergonomic}
   size_t SoftMaxHeapSize                          = 4223664128                             {manageable} {ergonomic}
     intx TieredStopAtLevel                        = 1                                         {product} {command line}
     bool UseCompressedClassPointers               = true                           {product lp64_product} {ergonomic}
     bool UseCompressedOops                        = true                           {product lp64_product} {ergonomic}
     bool UseG1GC                                  = true                                      {product} {ergonomic}
     bool UseLargePagesIndividualAllocation        = false                                  {pd product} {ergonomic}

Logging:
Log output configuration:
 #0: stdout all=warning uptime,level,tags
 #1: stderr all=off uptime,level,tags

Environment Variables:
JAVA_HOME=D:\Program Files\Java\jdk-17
CLASSPATH=.;
PATH=D:\Program Files (x86)\VMware\VMware Workstation\bin\;C:\Program Files\Common Files\Oracle\Java\javapath;C:\Program Files (x86)\Common Files\Oracle\Java\java8path;C:\Program Files (x86)\Common Files\Oracle\Java\javapath;C:\Windows\system32;C:\Windows;C:\Windows\System32\Wbem;C:\Windows\System32\WindowsPowerShell\v1.0\;C:\Windows\System32\OpenSSH\;D:\Program Files\MySQL\MySQL Server 8.0\bin\;D:\Program Files\Git\cmd;D:\apache-maven-3.9.8\bin;D:\Program Files\nodejs\;D:\Program Files\nodejs\node_global\node_modules;D:\python\python3.12.2\Scripts\;D:\python\python3.12.2\;C:\Users\18031\AppData\Local\Programs\Python\Launcher\;C:\Users\18031\AppData\Local\Microsoft\WindowsApps;D:\Program Files\JetBrains\IntelliJ IDEA 2024.2.1\bin;D:\Users\18031\AppData\Local\Programs\Microsoft VS Code\bin;D:\Program Files\JetBrains\PyCharm 2024.1\bin;D:\Program Files\JetBrains\DataGrip 2024.1.1\bin;D:\Program Files\nodejs\node_global;D:\Program Files (x86)\NetSarang\Xshell 8\;D:\Program Files (x86)\NetSarang\Xftp 8\;D:\apache-tomcat-10.1.33-windows-x64\apache-tomcat-10.1.33;D:\apache-tomcat-10.1.33-windows-x64\apache-tomcat-10.1.33\bin;D:\Program Files\Java\jdk-17\bin;D:\Program Files\python\python3.12.2;C:\Program Files\Vagrant\bin;D:\mingw64\bin;D:\Redis-x64-5.0.14.1;;C:\WINDOWS\system32;C:\WINDOWS;C:\WINDOWS\System32\Wbem;C:\WINDOWS\System32\WindowsPowerShell\v1.0\;C:\WINDOWS\System32\OpenSSH\;d:\Users\18031\AppData\Local\Programs\Trae CN\bin;D:\Program Files (x86)\VMware\VMware Workstation\bin\;C:\Program Files\Common Files\Oracle\Java\javapath;C:\Program Files (x86)\Common Files\Oracle\Java\java8path;C:\Program Files (x86)\Common Files\Oracle\Java\javapath;C:\Windows\system32;C:\Windows;C:\Windows\System32\Wbem;C:\Windows\System32\WindowsPowerShell\v1.0\;C:\Windows\System32\OpenSSH\;D:\Program Files\MySQL\MySQL Server 8.0\bin\;D:\Program Files\Git\cmd;D:\apache-maven-3.9.8\bin;D:\Program Files\nodejs\;D:\Program Files\nodejs\node_global\node_modules;D:\python\python3.12.2\Scripts\
USERNAME=18031
OS=Windows_NT
PROCESSOR_IDENTIFIER=Intel64 Family 6 Model 154 Stepping 3, GenuineIntel



---------------  S Y S T E M  ---------------

OS:
 Windows 11 , 64 bit Build 26100 (10.0.26100.8246)
OS uptime: 5 days 13:02 hours

CPU: total 16 (initial active 16) (8 cores per cpu, 2 threads per core) family 6 model 154 stepping 3 microcode 0x423, cx8, cmov, fxsr, ht, mmx, 3dnowpref, sse, sse2, sse3, ssse3, sse4.1, sse4.2, popcnt, lzcnt, tsc, tscinvbit, avx, avx2, aes, erms, clmul, bmi1, bmi2, adx, sha, fma, vzeroupper, clflush, clflushopt, clwb

Memory: 4k page, system-wide physical 16108M (3097M free)
TotalPageFile size 59785M (AvailPageFile size 7M)
current process WorkingSet (physical memory assigned to process): 435M, peak: 435M
current process commit charge ("private bytes"): 493M, peak: 513M

vm_info: Java HotSpot(TM) 64-Bit Server VM (17.0.10+11-LTS-240) for windows-amd64 JRE (17.0.10+11-LTS-240), built on Dec 19 2023 21:47:25 by "mach5one" with MS VC++ 17.1 (VS2022)

END.
